[www.valleyviewschools.net/index.html]
[backblue.gif]
[fade.gif]
[index.html]
[www.valleyviewschools.net/feed/index.html]
[www.valleyviewschools.net/comments/feed/index.html]
[www.valleyviewschools.net/wp-includes/css/dist/block-library/style.minde54.css]
[www.valleyviewschools.net/wp-content/plugins/custom-facebook-feed/css/cff-style4acc.css]
[www.valleyviewschools.net/wp-content/plugins/revslider/public/assets/css/settings4ee1.css]
[www.valleyviewschools.net/wp-content/plugins/google-calendar-events/assets/css/default-calendar-grid.min93d5.css]
[www.valleyviewschools.net/wp-content/plugins/js_composer/assets/css/js_composer.min52c7.css]
[www.valleyviewschools.net/wp-content/themes/valleyview/css/main.min50fa.css]
[www.valleyviewschools.net/wp-content/themes/valleyview/fonts/FontAwesome/css/font-awesome.min50fa.css]
[www.valleyviewschools.net/wp-content/themes/valleyview/fonts/fontello/css/fontello.min50fa.css]
[www.valleyviewschools.net/wp-content/themes/valleyview/css/post-type50fa.css]
[www.valleyviewschools.net/wp-content/uploads/wp-less/valleyview/css/custom-1aaf6bec6a50fa.css]
[www.valleyviewschools.net/wp-content/uploads/wp-less/valleyview/css/media-1aaf6bec6a50fa.css]
[www.valleyviewschools.net/wp-content/uploads/wp-less/valleyview/css/post-type-dynamic-1aaf6bec6a50fa.css]
[www.valleyviewschools.net/wp-content/uploads/smile_fonts/Defaults/Defaultsde54.css]
[www.valleyviewschools.net/wp-content/plugins/Ultimate_VC_Addons/assets/min-css/ultimate.minbcd2.css]
[www.valleyviewschools.net/wp-includes/js/jquery/jquery4a5f.js]
[www.valleyviewschools.net/wp-includes/js/jquery/jquery-migrate.min330a.js]
[www.valleyviewschools.net/wp-content/plugins/jb-horizontal-scroller-news-ticker/js/jquery.li-scroller.1.0de54.js]
[www.valleyviewschools.net/wp-content/plugins/revslider/public/assets/js/jquery.themepunch.tools.min4ee1.js]
[www.valleyviewschools.net/wp-content/plugins/revslider/public/assets/js/jquery.themepunch.revolution.min4ee1.js]
[www.valleyviewschools.net/wp-content/themes/valleyview/js/above-the-fold.min50fa.js]
[www.valleyviewschools.net/wp-includes/js/jquery/ui/core.mine899.js]
[www.valleyviewschools.net/xmlrpc0db0.php]
[www.valleyviewschools.net/wp-content/plugins/Ultimate_VC_Addons/assets/min-js/ultimate.minbcd2.js]
[www.valleyviewschools.net/wp-json/index.html]
[www.valleyviewschools.net/wp-includes/wlwmanifest.xml]
[www.valleyviewschools.net/wp-json/oembed/1.0/embed4629.json]
[www.valleyviewschools.net/wp-json/oembed/1.0/embeded1e]
[www.valleyviewschools.net/wp-content/uploads/2017/07/fav.png]
[www.valleyviewschools.net/wp-content/uploads/2017/07/gif.gif]
[www.valleyviewschools.net/wp-content/uploads/2017/07/logo_1-1_Updated-1.png]
[www.valleyviewschools.net/wp-content/uploads/2017/07/logo_1-1.png]
[www.valleyviewschools.net/wp-content/uploads/2017/08/slide_bg.jpg]
[www.valleyviewschools.net/wp-content/uploads/2017/08/slider_logo.png]
[www.valleyviewschools.net/administration/school-board/index.html]
[www.valleyviewschools.net/administration/index.html]
[www.valleyviewschools.net/wp-content/uploads/2014/10/home_access_center.png]
[www.valleyviewschools.net/administration/superintendent/index.html]
[www.valleyviewschools.net/schools/index.html]
[www.valleyviewschools.net/valley-view-high-school/index.html]
[www.valleyviewschools.net/wp-content/uploads/2014/10/lesson_plans.png]
[www.valleyviewschools.net/valley-view-intermediate-school/index.html]
[www.valleyviewschools.net/valley-view-junior-high-school/index.html]
[www.valleyviewschools.net/valley-view-intermediate-school-blue/index.html]
[www.valleyviewschools.net/wp-content/uploads/2014/10/menu-1.png]
[www.valleyviewschools.net/valley-view-elementary-school/index.html]
[www.valleyviewschools.net/departments/index.html]
[www.valleyviewschools.net/valley-view-pre-k-program/index.html]
[www.valleyviewschools.net/departments/athletics/index.html]
[www.valleyviewschools.net/wp-content/uploads/2014/10/seo_updated.png]
[www.valleyviewschools.net/federal-programs/index.html]
[www.valleyviewschools.net/fine-arts-center/index.html]
[www.valleyviewschools.net/departments/clubs/index.html]
[www.valleyviewschools.net/wp-content/uploads/2020/07/IMG_7936.png]
[www.valleyviewschools.net/gt/index.html]
[www.valleyviewschools.net/departments/food-services/index.html]
[www.valleyviewschools.net/health-services/index.html]
[www.valleyviewschools.net/wp-content/uploads/2020/07/IMG_1212.png]
[www.valleyviewschools.net/departments/media-centers/index.html]
[www.valleyviewschools.net/special-education/index.html]
[www.valleyviewschools.net/student-support-services/index.html]
[www.valleyviewschools.net/wp-content/uploads/2020/10/state-logo.jpg]
[www.valleyviewschools.net/informations/index.html]
[www.valleyviewschools.net/employment/index.html]
[www.valleyviewschools.net/informations/facultystaff/index.html]
[www.valleyviewschools.net/technology-department/index.html]
[www.valleyviewschools.net/wp-content/plugins/jb-horizontal-scroller-news-ticker/img/announcementsfooter.png]
[www.valleyviewschools.net/location/index.html]
[www.valleyviewschools.net/district-building-map/index.html]
[www.valleyviewschools.net/parentstudent/index.html]
[www.valleyviewschools.net/contact-us/index.html]
[www.valleyviewschools.net/wp-content/plugins/js_composer/assets/lib/bower/animate-css/animate.min52c7.css]
[www.valleyviewschools.net/wp-content/themes/valleyview/js/main.min50fa.js]
[www.valleyviewschools.net/valley-view-district-emails/index.html]
[www.valleyviewschools.net/next-school-board-meeting-2-2/index.html]
[www.valleyviewschools.net/wp-content/plugins/contact-form-7/includes/js/scriptsb62d.js]
[www.valleyviewschools.net/wp-content/plugins/custom-facebook-feed/js/cff-scripts4acc.js]
[www.valleyviewschools.net/wp-content/plugins/google-calendar-events/assets/js/vendor/jquery.qtip.min93d5.js]
[www.valleyviewschools.net/wp-content/plugins/google-calendar-events/assets/js/vendor/moment.min93d5.js]
[www.valleyviewschools.net/wp-content/plugins/google-calendar-events/assets/js/vendor/moment-timezone-with-data.min93d5.js]
[www.valleyviewschools.net/wp-content/plugins/google-calendar-events/assets/js/default-calendar.min93d5.js]
[www.valleyviewschools.net/wp-content/themes/valleyview/js/post-type50fa.js]
[www.valleyviewschools.net/wp-content/plugins/google-calendar-events/assets/js/vendor/imagesloaded.pkgd.min93d5.js]
[www.valleyviewschools.net/wp-includes/js/wp-embed.minde54.js]
[www.valleyviewschools.net/wp-content/plugins/js_composer/assets/js/dist/js_composer_front.min52c7.js]
[www.valleyviewschools.net/wp-content/plugins/js_composer/assets/lib/vc_waypoints/vc-waypoints.min52c7.js]
[www.valleyviewschools.net/index.html]
[www.valleyviewschools.net/xmlrpc.php]
[www.valleyviewschools.net/wp-content/plugins/jb-horizontal-scroller-news-ticker/css/jb-breaking-newsde54.css]
[www.valleyviewschools.net/wp-includes/css/dist/block-library/style.minde54.css]
[www.valleyviewschools.net/wp-content/plugins/contact-form-7/images/ajax-loader.gif]
[www.valleyviewschools.net/wp-content/plugins/contact-form-7/includes/css/stylesb62d.css]
[www.valleyviewschools.net/wp-content/plugins/custom-facebook-feed/img/cff-avatar.png]
[www.valleyviewschools.net/wp-content/plugins/custom-facebook-feed/css/cff-style4acc.css]
[www.valleyviewschools.net/wp-content/plugins/horizontal-scrolling-announcement/css/hsa_frontde54.css]
[www.valleyviewschools.net/wp-content/plugins/revslider/public/assets/fonts/revicons/revicons90c6.eot]
[www.valleyviewschools.net/wp-content/plugins/revslider/public/assets/fonts/revicons/revicons90c6.woff]
[www.valleyviewschools.net/wp-content/plugins/revslider/public/assets/fonts/revicons/revicons90c6.ttf]
[www.valleyviewschools.net/wp-content/plugins/revslider/public/assets/css/openhand.cur]
[www.valleyviewschools.net/wp-content/plugins/revslider/public/assets/css/closedhand.cur]
[www.valleyviewschools.net/wp-content/plugins/revslider/public/assets/assets/gridtile.png]
[www.valleyviewschools.net/wp-content/plugins/revslider/public/assets/assets/gridtile_white.png]
[www.valleyviewschools.net/wp-content/plugins/revslider/public/assets/assets/gridtile_3x3.png]
[www.valleyviewschools.net/wp-content/plugins/revslider/public/assets/assets/gridtile_3x3_white.png]
[www.valleyviewschools.net/wp-content/plugins/revslider/public/assets/assets/coloredbg.png]
[www.valleyviewschools.net/wp-content/plugins/revslider/public/assets/assets/loader.gif]
[www.valleyviewschools.net/wp-content/plugins/revslider/public/assets/css/settings4ee1.css]
[www.valleyviewschools.net/wp-content/plugins/tablepress/css/tablepress.eot]
[www.valleyviewschools.net/wp-content/plugins/tablepress/css/tablepressd41d.eot]
[www.valleyviewschools.net/wp-content/plugins/tablepress/css/default.min2c00.css]
[www.valleyviewschools.net/wp-content/plugins/tablepress-responsive-tables/css/tablepress-responsive.minf24c.css]
[www.valleyviewschools.net/wp-content/plugins/google-calendar-events/assets/css/vendor/jquery.qtip.min93d5.css]
[www.valleyviewschools.net/wp-content/plugins/google-calendar-events/assets/fonts/simple-calendarb4d7.eot]
[www.valleyviewschools.net/wp-content/plugins/google-calendar-events/assets/fonts/simple-calendarb4d7.woff]
[www.valleyviewschools.net/wp-content/plugins/google-calendar-events/assets/fonts/simple-calendarb4d7.ttf]
[www.valleyviewschools.net/wp-content/plugins/google-calendar-events/assets/css/default-calendar-grid.min93d5.css]
[www.valleyviewschools.net/wp-content/plugins/google-calendar-events/assets/css/default-calendar-list.min93d5.css]
[www.valleyviewschools.net/wp-content/plugins/js_composer/assets/vc/alert.png]
[www.valleyviewschools.net/wp-content/plugins/js_composer/assets/vc/info.png]
[www.valleyviewschools.net/wp-content/plugins/js_composer/assets/vc/tick.png]
[www.valleyviewschools.net/wp-content/plugins/js_composer/assets/vc/exclamation.png]
[www.valleyviewschools.net/wp-content/plugins/js_composer/assets/images/icons/address-book.png]
[www.valleyviewschools.net/wp-content/plugins/js_composer/assets/images/icons/alarm-clock.png]
[www.valleyviewschools.net/wp-content/plugins/js_composer/assets/images/icons/anchor.png]
[www.valleyviewschools.net/wp-content/plugins/js_composer/assets/images/icons/application-image.png]
[www.valleyviewschools.net/wp-content/plugins/js_composer/assets/images/icons/arrow.png]
[www.valleyviewschools.net/wp-content/plugins/js_composer/assets/images/icons/asterisk.png]
[www.valleyviewschools.net/wp-content/plugins/js_composer/assets/images/icons/auction-hammer.png]
[www.valleyviewschools.net/wp-content/plugins/js_composer/assets/images/icons/balloon.png]
[www.valleyviewschools.net/wp-content/plugins/js_composer/assets/images/icons/balloon-buzz.png]
[www.valleyviewschools.net/wp-content/plugins/js_composer/assets/images/icons/balloon-facebook.png]
[www.valleyviewschools.net/wp-content/plugins/js_composer/assets/images/icons/balloon-twitter.png]
[www.valleyviewschools.net/wp-content/plugins/js_composer/assets/images/icons/battery-full.png]
[www.valleyviewschools.net/wp-content/plugins/js_composer/assets/images/icons/binocular.png]
[www.valleyviewschools.net/wp-content/plugins/js_composer/assets/images/icons/blue-document-excel.png]
[www.valleyviewschools.net/wp-content/plugins/js_composer/assets/images/icons/blue-document-image.png]
[www.valleyviewschools.net/wp-content/plugins/js_composer/assets/images/icons/blue-document-music.png]
[www.valleyviewschools.net/wp-content/plugins/js_composer/assets/images/icons/blue-document-office.png]
[www.valleyviewschools.net/wp-content/plugins/js_composer/assets/images/icons/blue-document-pdf.png]
[www.valleyviewschools.net/wp-content/plugins/js_composer/assets/images/icons/blue-document-powerpoint.png]
[www.valleyviewschools.net/wp-content/plugins/js_composer/assets/images/icons/blue-document-word.png]
[www.valleyviewschools.net/wp-content/plugins/js_composer/assets/images/icons/bookmark.png]
[www.valleyviewschools.net/wp-content/plugins/js_composer/assets/images/icons/camcorder.png]
[www.valleyviewschools.net/wp-content/plugins/js_composer/assets/images/icons/camera.png]
[www.valleyviewschools.net/wp-content/plugins/js_composer/assets/images/icons/chart.png]
[www.valleyviewschools.net/wp-content/plugins/js_composer/assets/images/icons/chart-pie.png]
[www.valleyviewschools.net/wp-content/plugins/js_composer/assets/images/icons/clock.png]
[www.valleyviewschools.net/wp-content/plugins/js_composer/assets/images/icons/control.png]
[www.valleyviewschools.net/wp-content/plugins/js_composer/assets/images/icons/fire.png]
[www.valleyviewschools.net/wp-content/plugins/js_composer/assets/images/icons/heart.png]
[www.valleyviewschools.net/wp-content/plugins/js_composer/assets/images/icons/mail.png]
[www.valleyviewschools.net/wp-content/plugins/js_composer/assets/images/icons/plus-shield.png]
[www.valleyviewschools.net/wp-content/plugins/js_composer/assets/images/icons/video.png]
[www.valleyviewschools.net/wp-content/plugins/js_composer/assets/fonts/vc_icons_v2/fonts/vcpb-plugin-iconsb82a.eot]
[www.valleyviewschools.net/wp-content/plugins/js_composer/assets/fonts/vc_icons_v2/fonts/vcpb-plugin-iconsb82a.ttf]
[www.valleyviewschools.net/wp-content/plugins/js_composer/assets/fonts/vc_icons_v2/fonts/vcpb-plugin-iconsb82a.woff]
[www.valleyviewschools.net/wp-content/plugins/js_composer/assets/images/toggle_open.png]
[www.valleyviewschools.net/wp-content/plugins/js_composer/assets/images/toggle_close.png]
[www.valleyviewschools.net/wp-content/plugins/js_composer/assets/images/flickr.png]
[www.valleyviewschools.net/wp-content/plugins/js_composer/assets/fonts/vc_grid/vc_grid_v157a1.eot]
[www.valleyviewschools.net/wp-content/plugins/js_composer/assets/fonts/vc_grid/vc_grid_v1d41d.eot]
[www.valleyviewschools.net/wp-content/plugins/js_composer/assets/fonts/vc_grid/vc_grid_v157a1.woff]
[www.valleyviewschools.net/wp-content/plugins/js_composer/assets/fonts/vc_grid/vc_grid_v157a1.ttf]
[www.valleyviewschools.net/wp-content/plugins/js_composer/assets/images/spinner.gif]
[www.valleyviewschools.net/wp-content/plugins/js_composer/assets/vc/remove.png]
[www.valleyviewschools.net/wp-content/plugins/js_composer/assets/css/js_composer.min52c7.css]
[www.valleyviewschools.net/wp-content/themes/valleyview/css/fonts/icomoon-arrows-the7-32x32718c.eot]
[www.valleyviewschools.net/wp-content/themes/valleyview/css/fonts/icomoon-arrows-the7-32x32718c.ttf]
[www.valleyviewschools.net/wp-content/themes/valleyview/css/fonts/icomoon-arrows-the7-32x32718c.woff]
[www.valleyviewschools.net/wp-content/themes/valleyview/css/fonts/icomoon-arrows-the7-32x32718c.svg]
[www.valleyviewschools.net/wp-content/themes/valleyview/images/top_login_signup.png]
[www.valleyviewschools.net/wp-content/themes/valleyview/css/main.min50fa.css]
[www.valleyviewschools.net/wp-content/themes/valleyview/fonts/FontAwesome/fonts/fontawesome-webfont3e6e.eot]
[www.valleyviewschools.net/wp-content/themes/valleyview/fonts/FontAwesome/fonts/fontawesome-webfontd41d.eot]
[www.valleyviewschools.net/wp-content/themes/valleyview/fonts/FontAwesome/fonts/fontawesome-webfont3e6e.woff2]
[www.valleyviewschools.net/wp-content/themes/valleyview/fonts/FontAwesome/fonts/fontawesome-webfont3e6e.woff]
[www.valleyviewschools.net/wp-content/themes/valleyview/fonts/FontAwesome/fonts/fontawesome-webfont3e6e.ttf]
[www.valleyviewschools.net/wp-content/themes/valleyview/fonts/FontAwesome/css/font-awesome.min50fa.css]
[www.valleyviewschools.net/wp-content/themes/valleyview/fonts/fontello/font/fontello6fbf.eot]
[www.valleyviewschools.net/wp-content/themes/valleyview/fonts/fontello/font/fontello6fbf.woff]
[www.valleyviewschools.net/wp-content/themes/valleyview/fonts/fontello/font/fontello6fbf.ttf]
[www.valleyviewschools.net/wp-content/themes/valleyview/fonts/fontello/css/fontello.min50fa.css]
[www.valleyviewschools.net/wp-content/themes/valleyview/images/mask.png]
[www.valleyviewschools.net/wp-content/themes/valleyview/css/post-type50fa.css]
[www.valleyviewschools.net/wp-content/themes/valleyview/inc/presets/images/full/skin22.stripes-stripe-3-bg-image.jpg]
[www.valleyviewschools.net/wp-content/uploads/2017/07/footer.jpg]
[www.valleyviewschools.net/wp-content/uploads/2017/07/footer_bg.png]
[www.valleyviewschools.net/wp-content/uploads/wp-less/valleyview/css/custom-1aaf6bec6a50fa.css]
[www.valleyviewschools.net/wp-content/uploads/wp-less/valleyview/css/media-1aaf6bec6a50fa.css]
[www.valleyviewschools.net/wp-content/uploads/wp-less/valleyview/css/post-type-dynamic-1aaf6bec6a50fa.css]
[www.valleyviewschools.net/wp-content/themes/valleyview/images/line.png]
[www.valleyviewschools.net/wp-content/themes/valleyview/style50fa.css]
[www.valleyviewschools.net/wp-content/uploads/smile_fonts/Defaults/Defaults21ea.eot]
[www.valleyviewschools.net/wp-content/uploads/smile_fonts/Defaults/Defaultsd41d.eot]
[www.valleyviewschools.net/wp-content/uploads/smile_fonts/Defaults/Defaults21ea.woff]
[www.valleyviewschools.net/wp-content/uploads/smile_fonts/Defaults/Defaults21ea.ttf]
[www.valleyviewschools.net/wp-content/uploads/smile_fonts/Defaults/Defaultsde54.css]
[www.valleyviewschools.net/wp-content/plugins/Ultimate_VC_Addons/assets/min-css/fonts/ult-silk.eot]
[www.valleyviewschools.net/wp-content/plugins/Ultimate_VC_Addons/assets/min-css/fonts/ult-silk.woff]
[www.valleyviewschools.net/wp-content/plugins/Ultimate_VC_Addons/assets/min-css/fonts/ult-silk.ttf]
[www.valleyviewschools.net/wp-content/plugins/Ultimate_VC_Addons/assets/min-css/ultimate.minbcd2.css]
[www.valleyviewschools.net/wp-admin/admin-ajax.html]
[www.valleyviewschools.net/index2e64.html]
[www.valleyviewschools.net/wp-json/oembed/1.0/embed1406.json]
[www.valleyviewschools.net/wp-content/uploads/2017/07/admin.jpg]
[www.valleyviewschools.net/wp-json/oembed/1.0/embeda586]
[www.valleyviewschools.net/administration/index.html]
[www.valleyviewschools.net/wp-json/oembed/1.0/embed8d2d.json]
[www.valleyviewschools.net/wp-json/oembed/1.0/embedbf11]
[www.valleyviewschools.net/wp-content/uploads/2017/08/Header2.jpg]
[www.valleyviewschools.net/administration/school-board/index.html]
[www.valleyviewschools.net/wp-json/oembed/1.0/embed4053.json]
[www.valleyviewschools.net/administration/superintendent/index.html]
[www.valleyviewschools.net/wp-json/oembed/1.0/embedd25d]
[www.valleyviewschools.net/wp-json/oembed/1.0/embed3838.json]
[www.valleyviewschools.net/wp-json/oembed/1.0/embed4a8a]
[www.valleyviewschools.net/wp-content/uploads/2017/07/teacherapple.png]
[www.valleyviewschools.net/schools/index.html]
[www.valleyviewschools.net/wp-json/oembed/1.0/embed001b.json]
[www.valleyviewschools.net/wp-json/oembed/1.0/embede34a]
[www.valleyviewschools.net/wp-content/uploads/2017/10/hs5-2.jpg]
[www.valleyviewschools.net/wp-content/uploads/2017/07/Vv_highschool.png]
[www.valleyviewschools.net/wp-content/uploads/2014/04/HS-213x213.jpg]
[www.valleyviewschools.net/valley-view-high-school/index.html]
[www.valleyviewschools.net/wp-content/uploads/2017/07/logorr.png]
[www.valleyviewschools.net/parentstudent/teacher-lesson-plans/valley-view-high-school-teacher-lesson-plans/index.html]
[www.valleyviewschools.net/wp-json/oembed/1.0/embed37a6.json]
[www.valleyviewschools.net/wp-json/oembed/1.0/embedbe94]
[www.valleyviewschools.net/wp-content/uploads/2017/10/JH.jpg]
[www.valleyviewschools.net/wp-content/uploads/2017/07/JH-Banner-300x90.jpg]
[www.valleyviewschools.net/valley-view-junior-high-school/index.html]
[www.valleyviewschools.net/wp-content/uploads/2014/04/JH-225x225.jpg]
[www.valleyviewschools.net/parentstudent/teacher-lesson-plans/valley-view-junior-high-school-teacher-lesson-plans/index.html]
[www.valleyviewschools.net/wp-json/oembed/1.0/embed0882.json]
[www.valleyviewschools.net/wp-json/oembed/1.0/embedc42f]
[www.valleyviewschools.net/wp-content/uploads/2017/10/INT-BLUE.jpg]
[www.valleyviewschools.net/wp-content/uploads/2017/07/Vv_INTERMEDIATE.png]
[www.valleyviewschools.net/valley-view-intermediate-school-blue/index.html]
[www.valleyviewschools.net/wp-content/uploads/2017/08/Int-56-1-171x171.jpg]
[www.valleyviewschools.net/parentstudent/teacher-lesson-plans/valley-view-intermediate-school-teacher-lesson-plans/index.html]
[www.valleyviewschools.net/wp-json/oembed/1.0/embedb684.json]
[www.valleyviewschools.net/wp-json/oembed/1.0/embedb39b]
[www.valleyviewschools.net/wp-content/uploads/2017/08/Int-Header.jpg]
[www.valleyviewschools.net/valley-view-intermediate-school/index.html]
[www.valleyviewschools.net/wp-content/uploads/2014/04/INT-Gold1-169x169.jpg]
[www.valleyviewschools.net/wp-json/oembed/1.0/embed31fd.json]
[www.valleyviewschools.net/wp-json/oembed/1.0/embedff45]
[www.valleyviewschools.net/wp-content/uploads/2017/10/elem-b-2.jpg]
[www.valleyviewschools.net/wp-content/uploads/2017/07/Vv_ELEMENTERY-SCHOOL.png]
[www.valleyviewschools.net/valley-view-elementary-school/index.html]
[www.valleyviewschools.net/wp-content/uploads/2014/04/ELEM-1-180x180.jpg]
[www.valleyviewschools.net/parentstudent/teacher-lesson-plans/valley-view-elementary-school-teacher-lesson-plans/index.html]
[www.valleyviewschools.net/wp-json/oembed/1.0/embed7ece.json]
[www.valleyviewschools.net/wp-json/oembed/1.0/embed00c4]
[www.valleyviewschools.net/wp-content/uploads/2014/04/PreK.jpg]
[www.valleyviewschools.net/wp-content/uploads/2017/07/PRE-k.png]
[www.valleyviewschools.net/valley-view-pre-k-program/index.html]
[www.valleyviewschools.net/wp-content/uploads/2017/07/Valley-View-Pre-K-1-153x153.jpg]
[www.valleyviewschools.net/wp-json/oembed/1.0/embed3d1a.json]
[www.valleyviewschools.net/wp-json/oembed/1.0/embedf19f]
[www.valleyviewschools.net/departments/index.html]
[www.valleyviewschools.net/wp-json/oembed/1.0/embed3c93.json]
[www.valleyviewschools.net/wp-json/oembed/1.0/embed95c9]
[www.valleyviewschools.net/wp-content/uploads/2017/07/SOFTBALL.png]
[www.valleyviewschools.net/wp-content/uploads/2017/07/basketball.png]
[www.valleyviewschools.net/wp-content/uploads/2017/07/bowling-filled.png]
[www.valleyviewschools.net/athleticemail/index.html]
[www.valleyviewschools.net/departments/basketball/index.html]
[www.valleyviewschools.net/departments/cheer/index.html]
[www.valleyviewschools.net/wp-content/uploads/2017/07/CHEER.png]
[www.valleyviewschools.net/wp-content/uploads/2017/07/cross.png]
[www.valleyviewschools.net/wp-content/uploads/2017/07/foot.png]
[www.valleyviewschools.net/wp-content/uploads/2017/07/GOLF.png]
[www.valleyviewschools.net/departments/football/index.html]
[www.valleyviewschools.net/departments/dance/index.html]
[www.valleyviewschools.net/wp-content/uploads/2017/07/intramurals.png]
[www.valleyviewschools.net/wp-content/uploads/2017/07/baseball.png]
[www.valleyviewschools.net/wp-content/uploads/2017/07/SWIMMING.png]
[www.valleyviewschools.net/departments/soccer/index.html]
[www.valleyviewschools.net/wp-content/uploads/2017/07/TENNIS.png]
[www.valleyviewschools.net/wp-content/uploads/2017/07/boy.png]
[www.valleyviewschools.net/wp-content/uploads/2017/07/vollyeball.png]
[www.valleyviewschools.net/departments/athletics/index.html]
[www.valleyviewschools.net/departments/track/index.html]
[www.valleyviewschools.net/departments/volleyball/index.html]
[www.valleyviewschools.net/wp-json/oembed/1.0/embed84a7.json]
[www.valleyviewschools.net/departments/clubs/index.html]
[www.valleyviewschools.net/wp-json/oembed/1.0/embeda9fb]
[www.valleyviewschools.net/vvjhclubs/index.html]
[www.valleyviewschools.net/vvhsclubs/index.html]
[www.valleyviewschools.net/wp-json/oembed/1.0/embed92f3.json]
[www.valleyviewschools.net/federal-programs/index.html]
[www.valleyviewschools.net/wp-json/oembed/1.0/embedaaa2]
[www.valleyviewschools.net/wp-json/oembed/1.0/embedffa5.json]
[www.valleyviewschools.net/wp-json/oembed/1.0/embed7c25]
[www.valleyviewschools.net/wp-content/uploads/2017/07/vv-225x300.jpg]
[www.valleyviewschools.net/fine-arts-center/index.html]
[www.valleyviewschools.net/wp-json/oembed/1.0/embedb94c.json]
[www.valleyviewschools.net/wp-json/oembed/1.0/embedb908]
[www.valleyviewschools.net/wp-content/uploads/2019/09/MSB-Logo-200x106.png]
[www.valleyviewschools.net/departments/food-services/index.html]
[www.valleyviewschools.net/departments/jhmenu/index.html]
[www.valleyviewschools.net/departments/hsmenu/index.html]
[www.valleyviewschools.net/departments/intmenu/index.html]
[www.valleyviewschools.net/departments/int34menu/index.html]
[www.valleyviewschools.net/departments/elemmenu/index.html]
[www.valleyviewschools.net/departments/prekmenu/index.html]
[www.valleyviewschools.net/wp-json/oembed/1.0/embedf55f.json]
[www.valleyviewschools.net/gt/index.html]
[www.valleyviewschools.net/wp-json/oembed/1.0/embedcf3e]
[www.valleyviewschools.net/wp-json/oembed/1.0/embed8add.json]
[www.valleyviewschools.net/health-services/index.html]
[www.valleyviewschools.net/wp-json/oembed/1.0/embed103c]
[www.valleyviewschools.net/wp-json/oembed/1.0/embeda8ce.json]
[www.valleyviewschools.net/departments/media-centers/index.html]
[www.valleyviewschools.net/wp-json/oembed/1.0/embed0393]
[www.valleyviewschools.net/wp-json/oembed/1.0/embed67f3.json]
[www.valleyviewschools.net/special-education/index.html]
[www.valleyviewschools.net/wp-json/oembed/1.0/embed5857]
[www.valleyviewschools.net/wp-json/oembed/1.0/embed6d51.json]
[www.valleyviewschools.net/wp-json/oembed/1.0/embedd2c5]
[www.valleyviewschools.net/student-support-services/index.html]
[www.valleyviewschools.net/act173/index.html]
[www.valleyviewschools.net/wp-json/oembed/1.0/embed9856.json]
[www.valleyviewschools.net/wp-json/oembed/1.0/embed8251]
[www.valleyviewschools.net/wp-content/uploads/2017/07/Adobe_Reader_PDF-300x300.png]
[www.valleyviewschools.net/wp-content/uploads/2017/07/Technology-Guide.pdf]
[www.valleyviewschools.net/wp-content/uploads/2017/08/Using-FILR-to-access-H-Drive-from-Home.pdf]
[www.valleyviewschools.net/wp-content/uploads/2017/07/CREATING-A-WEBSITE-USING-GOOGLE-SITES.pdf]
[www.valleyviewschools.net/wp-content/uploads/2017/07/FIND-MY-IPAD.pdf]
[www.valleyviewschools.net/wp-content/uploads/2017/07/How-to-back-up-your-My-Documents.pdf]
[www.valleyviewschools.net/wp-content/uploads/2017/07/Valley-View-Gmail.pdf]
[www.valleyviewschools.net/wp-content/uploads/2017/08/PaloAlto-ContentFilter.pdf]
[www.valleyviewschools.net/wp-content/uploads/2017/07/Microsoft-Office-Home-Use-Program.pdf]
[www.valleyviewschools.net/wp-content/uploads/2017/07/School-District-Acceptable-Use-Policy.pdf]
[www.valleyviewschools.net/technology-department/index.html]
[www.valleyviewschools.net/wp-json/oembed/1.0/embed2eab.json]
[www.valleyviewschools.net/informations/index.html]
[www.valleyviewschools.net/wp-json/oembed/1.0/embed0241]
[www.valleyviewschools.net/wp-json/oembed/1.0/embed08ed.json]
[www.valleyviewschools.net/wp-content/uploads/2018/02/TalentEd.png]
[www.valleyviewschools.net/wp-json/oembed/1.0/embedb16a]
[www.valleyviewschools.net/employment/index.html]
[www.valleyviewschools.net/wp-json/oembed/1.0/embede96f.json]
[www.valleyviewschools.net/informations/facultystaff/index.html]
[www.valleyviewschools.net/wp-json/oembed/1.0/embed9cde]
[www.valleyviewschools.net/wp-json/oembed/1.0/embed4512.json]
[www.valleyviewschools.net/parentstudent/index.html]
[www.valleyviewschools.net/wp-json/oembed/1.0/embed4834]
[www.valleyviewschools.net/wp-json/oembed/1.0/embed2991.json]
[www.valleyviewschools.net/wp-json/oembed/1.0/embed26cb]
[www.valleyviewschools.net/wp-content/uploads/2014/04/HS.jpg]
[www.valleyviewschools.net/wp-content/uploads/2014/04/JH-1.jpg]
[www.valleyviewschools.net/wp-content/uploads/2014/04/INT-Gold1.jpg]
[www.valleyviewschools.net/contact-us/index.html]
[www.valleyviewschools.net/wp-content/uploads/2014/04/ELEM-1.jpg]
[www.valleyviewschools.net/wp-json/oembed/1.0/embedfb4e.json]
[www.valleyviewschools.net/wp-json/oembed/1.0/embed8e48]
[www.valleyviewschools.net/wp-content/uploads/2017/08/VVPS-District-Building-Map-150x150.jpg]
[www.valleyviewschools.net/district-building-map/index.html]
[www.valleyviewschools.net/wp-json/oembed/1.0/embed171d.json]
[www.valleyviewschools.net/location/index.html]
[www.valleyviewschools.net/wp-json/oembed/1.0/embed9af0]
[www.valleyviewschools.net/wp-json/oembed/1.0/embed918b.json]
[www.valleyviewschools.net/valley-view-district-emails/index.html]
[www.valleyviewschools.net/wp-json/oembed/1.0/embed41e5]
[www.valleyviewschools.net/adminemail/index.html]
[www.valleyviewschools.net/hsemail/index.html]
[www.valleyviewschools.net/jhemail/index.html]
[www.valleyviewschools.net/intemail/index.html]
[www.valleyviewschools.net/elememail/index.html]
[www.valleyviewschools.net/prekemail/index.html]
[www.valleyviewschools.net/facemail/index.html]
[www.valleyviewschools.net/wp-json/oembed/1.0/embedbea0.json]
[www.valleyviewschools.net/next-school-board-meeting-2-2/index.html]
[www.valleyviewschools.net/wp-json/oembed/1.0/embed5d1d]
[www.valleyviewschools.net/wp-content/plugins/js_composer/assets/lib/bower/animate-css/animate.min52c7.css]
[www.valleyviewschools.net/wp-content/plugins/revslider/public/assets/fonts/revicons/revicons90c6.svg]
[www.valleyviewschools.net/wp-content/plugins/google-calendar-events/assets/fonts/simple-calendarb4d7.svg]
[www.valleyviewschools.net/wp-content/plugins/js_composer/assets/fonts/vc_icons_v2/fonts/vcpb-plugin-iconsb82a.svg]
[www.valleyviewschools.net/wp-content/plugins/js_composer/assets/vc/blur.svg]
[www.valleyviewschools.net/wp-content/plugins/js_composer/assets/fonts/vc_grid/vc_grid_v157a1.svg]
[www.valleyviewschools.net/wp-content/themes/valleyview/css/mCSB_buttons.html]
[www.valleyviewschools.net/wp-content/themes/valleyview/css/fonts/icomoon-arrows-the7-32x32718c.html]
[www.valleyviewschools.net/wp-content/themes/valleyview/css/fonts/icomoon-arrows-the7-32x32718c-2.html]
[www.valleyviewschools.net/wp-content/themes/valleyview/css/fonts/icomoon-arrows-the7-32x32718c-3.html]
[www.valleyviewschools.net/wp-content/themes/valleyview/css/fonts/icomoon-arrows-the7-32x32718c-4.html]
[www.valleyviewschools.net/wp-content/themes/valleyview/fonts/FontAwesome/fonts/fontawesome-webfont3e6e.svg]
[www.valleyviewschools.net/wp-content/themes/valleyview/fonts/fontello/font/fontello6fbf.svg]
[www.valleyviewschools.net/wp-content/uploads/2017/07/default.html]
[www.valleyviewschools.net/wp-content/uploads/smile_fonts/Defaults/Defaults21ea.svg]
[www.valleyviewschools.net/wp-content/plugins/Ultimate_VC_Addons/assets/min-css/fonts/ult-silk.svg]
[www.valleyviewschools.net/index4188.html]
[www.valleyviewschools.net/category/news/index.html]
[www.valleyviewschools.net/indexef98.html]
[www.valleyviewschools.net/index2782.html]
[www.valleyviewschools.net/author/valleyviewj/index.html]
[www.valleyviewschools.net/indexed82.html]
[www.valleyviewschools.net/indexcc7d.html]
[www.valleyviewschools.net/2017/09/12/index.html]
[www.valleyviewschools.net/index5778.html]
[www.valleyviewschools.net/indexb0e2.html]
[www.valleyviewschools.net/index6184.html]
[www.valleyviewschools.net/index0d50.html]
[www.valleyviewschools.net/indexd412.html]
[www.valleyviewschools.net/indexb59b.html]
[www.valleyviewschools.net/wp-json/oembed/1.0/embed2083.json]
[www.valleyviewschools.net/wp-json/oembed/1.0/embed2077]
[www.valleyviewschools.net/wp-content/uploads/2017/08/HS-Header.jpg]
[www.valleyviewschools.net/parentstudent/teacher-lesson-plans/valley-view-high-school-teacher-lesson-plans/index.html]
[www.valleyviewschools.net/indexbdcd.html]
[www.valleyviewschools.net/index28c2.html]
[www.valleyviewschools.net/parentstudent/teacher-lesson-plans/index.html]
[www.valleyviewschools.net/wp-json/oembed/1.0/embed9e50.json]
[www.valleyviewschools.net/wp-json/oembed/1.0/embeda064]
[www.valleyviewschools.net/wp-content/uploads/2017/08/JH-Header.jpg]
[www.valleyviewschools.net/parentstudent/teacher-lesson-plans/valley-view-junior-high-school-teacher-lesson-plans/index.html]
[www.valleyviewschools.net/indexaa12.html]
[www.valleyviewschools.net/index125b.html]
[www.valleyviewschools.net/wp-json/oembed/1.0/embedb83f.json]
[www.valleyviewschools.net/parentstudent/teacher-lesson-plans/valley-view-intermediate-school-teacher-lesson-plans/index.html]
[www.valleyviewschools.net/index9c1e.html]
[www.valleyviewschools.net/index952e.html]
[www.valleyviewschools.net/index3e72.html]
[www.valleyviewschools.net/index8213.html]
[www.valleyviewschools.net/wp-json/oembed/1.0/embedf212]
[www.valleyviewschools.net/wp-json/oembed/1.0/embedfa79.json]
[www.valleyviewschools.net/wp-json/oembed/1.0/embed4884]
[www.valleyviewschools.net/wp-content/uploads/2017/08/ELEM-Header.jpg]
[www.valleyviewschools.net/parentstudent/teacher-lesson-plans/valley-view-elementary-school-teacher-lesson-plans/index.html]
[www.valleyviewschools.net/index80f2.html]
[www.valleyviewschools.net/indexb8b8.html]
[www.valleyviewschools.net/indexda9a.html]
[www.valleyviewschools.net/indexc0a3.html]
[www.valleyviewschools.net/index0192.html]
[www.valleyviewschools.net/indexbd80.html]
[www.valleyviewschools.net/wp-json/oembed/1.0/embed32f2.json]
[www.valleyviewschools.net/athleticemail/index.html]
[www.valleyviewschools.net/wp-json/oembed/1.0/embed9c00]
[www.valleyviewschools.net/wp-json/oembed/1.0/embeda335.json]
[www.valleyviewschools.net/departments/basketball/index.html]
[www.valleyviewschools.net/wp-json/oembed/1.0/embed0bb1]
[www.valleyviewschools.net/wp-json/oembed/1.0/embed3fea.json]
[www.valleyviewschools.net/departments/cheer/index.html]
[www.valleyviewschools.net/wp-json/oembed/1.0/embede1fe]
[www.valleyviewschools.net/wp-json/oembed/1.0/embedaf46.json]
[www.valleyviewschools.net/departments/dance/index.html]
[www.valleyviewschools.net/wp-json/oembed/1.0/embeda2b6]
[www.valleyviewschools.net/wp-json/oembed/1.0/embed2430.json]
[www.valleyviewschools.net/departments/football/index.html]
[www.valleyviewschools.net/wp-json/oembed/1.0/embedea6a]
[www.valleyviewschools.net/wp-json/oembed/1.0/embed5879.json]
[www.valleyviewschools.net/departments/soccer/index.html]
[www.valleyviewschools.net/wp-json/oembed/1.0/embed62d9]
[www.valleyviewschools.net/wp-json/oembed/1.0/embed9252.json]
[www.valleyviewschools.net/wp-json/oembed/1.0/embed34f3]
[www.valleyviewschools.net/wp-content/uploads/2017/07/girl.png]
[www.valleyviewschools.net/departments/track/index.html]
[www.valleyviewschools.net/wp-json/oembed/1.0/embed4d44.json]
[www.valleyviewschools.net/departments/volleyball/index.html]
[www.valleyviewschools.net/indexc216.html]
[www.valleyviewschools.net/index59ee.html]
[www.valleyviewschools.net/wp-json/oembed/1.0/embeda848]
[www.valleyviewschools.net/wp-json/oembed/1.0/embed6260.json]
[www.valleyviewschools.net/vvhsclubs/index.html]
[www.valleyviewschools.net/wp-json/oembed/1.0/embed0383]
[www.valleyviewschools.net/wp-json/oembed/1.0/embedfc4a.json]
[www.valleyviewschools.net/vvjhclubs/index.html]
[www.valleyviewschools.net/indexc1be.html]
[www.valleyviewschools.net/index0321.html]
[www.valleyviewschools.net/index4a2c.html]
[www.valleyviewschools.net/indexf60f.html]
[www.valleyviewschools.net/wp-json/oembed/1.0/embed58fa]
[www.valleyviewschools.net/index1f35.html]
[www.valleyviewschools.net/index1308.html]
[www.valleyviewschools.net/wp-json/oembed/1.0/embedbbb6.json]
[www.valleyviewschools.net/departments/hsmenu/index.html]
[www.valleyviewschools.net/wp-json/oembed/1.0/embedce57]
[www.valleyviewschools.net/wp-json/oembed/1.0/embedc630.json]
[www.valleyviewschools.net/departments/jhmenu/index.html]
[www.valleyviewschools.net/wp-json/oembed/1.0/embedac81]
[www.valleyviewschools.net/wp-json/oembed/1.0/embeda609.json]
[www.valleyviewschools.net/departments/intmenu/index.html]
[www.valleyviewschools.net/wp-json/oembed/1.0/embedd670]
[www.valleyviewschools.net/wp-json/oembed/1.0/embedc1c9.json]
[www.valleyviewschools.net/departments/int34menu/index.html]
[www.valleyviewschools.net/wp-json/oembed/1.0/embedbff4]
[www.valleyviewschools.net/wp-json/oembed/1.0/embed7c0a.json]
[www.valleyviewschools.net/departments/elemmenu/index.html]
[www.valleyviewschools.net/wp-json/oembed/1.0/embed9977]
[www.valleyviewschools.net/wp-json/oembed/1.0/embedb3fc.json]
[www.valleyviewschools.net/departments/prekmenu/index.html]
[www.valleyviewschools.net/indexbeac.html]
[www.valleyviewschools.net/index0ec8.html]
[www.valleyviewschools.net/index0fa6.html]
[www.valleyviewschools.net/index85b2.html]
[www.valleyviewschools.net/wp-json/oembed/1.0/embed2422]
[www.valleyviewschools.net/index17b5.html]
[www.valleyviewschools.net/index1652.html]
[www.valleyviewschools.net/index2e58.html]
[www.valleyviewschools.net/indexba0b.html]
[www.valleyviewschools.net/indexc721.html]
[www.valleyviewschools.net/index32f6.html]
[www.valleyviewschools.net/wp-json/oembed/1.0/embed5cb9.json]
[www.valleyviewschools.net/act173/index.html]
[www.valleyviewschools.net/indexe6b2.html]
[www.valleyviewschools.net/indexe088.html]
[www.valleyviewschools.net/indexc3da.html]
[www.valleyviewschools.net/indexe1a6.html]
[www.valleyviewschools.net/wp-json/oembed/1.0/embeded40]
[www.valleyviewschools.net/index84af.html]
[www.valleyviewschools.net/indexf3d5.html]
[www.valleyviewschools.net/index8511.html]
[www.valleyviewschools.net/index7245.html]
[www.valleyviewschools.net/indexbf83.html]
[www.valleyviewschools.net/index00e7.html]
[www.valleyviewschools.net/index5ea8.html]
[www.valleyviewschools.net/index2312.html]
[www.valleyviewschools.net/indexe2d2.html]
[www.valleyviewschools.net/index5a66.html]
[www.valleyviewschools.net/index7d71.html]
[www.valleyviewschools.net/indexc2c8.html]
[www.valleyviewschools.net/indexce24.html]
[www.valleyviewschools.net/index38c6.html]
[www.valleyviewschools.net/wp-json/oembed/1.0/embed4546.json]
[www.valleyviewschools.net/adminemail/index.html]
[www.valleyviewschools.net/wp-json/oembed/1.0/embed64ee]
[www.valleyviewschools.net/wp-json/oembed/1.0/embed85aa.json]
[www.valleyviewschools.net/hsemail/index.html]
[www.valleyviewschools.net/wp-json/oembed/1.0/embeddfcf]
[www.valleyviewschools.net/wp-json/oembed/1.0/embed0e86.json]
[www.valleyviewschools.net/jhemail/index.html]
[www.valleyviewschools.net/wp-json/oembed/1.0/embedccbe]
[www.valleyviewschools.net/wp-json/oembed/1.0/embed096c.json]
[www.valleyviewschools.net/intemail/index.html]
[www.valleyviewschools.net/wp-json/oembed/1.0/embedf8ce]
[www.valleyviewschools.net/wp-json/oembed/1.0/embedb984.json]
[www.valleyviewschools.net/elememail/index.html]
[www.valleyviewschools.net/wp-json/oembed/1.0/embede3b5]
[www.valleyviewschools.net/wp-json/oembed/1.0/embed9e5a.json]
[www.valleyviewschools.net/prekemail/index.html]
[www.valleyviewschools.net/wp-json/oembed/1.0/embed4aec]
[www.valleyviewschools.net/wp-json/oembed/1.0/embed2a1e.json]
[www.valleyviewschools.net/facemail/index.html]
[www.valleyviewschools.net/indexce44.html]
[www.valleyviewschools.net/index4a7d.html]
[www.valleyviewschools.net/category/news/index.html]
[www.valleyviewschools.net/wp-json/oembed/1.0/embed1f69]
[www.valleyviewschools.net/index7af7.html]
[www.valleyviewschools.net/author/valleyviewj/index.html]
[www.valleyviewschools.net/index2abc.html]
[www.valleyviewschools.net/2017/09/12/index.html]
[www.valleyviewschools.net/index34e5.html]
[www.valleyviewschools.net/index9bea.html]
[www.valleyviewschools.net/index0e1b.html]
[www.valleyviewschools.net/category/news/feed/index.html]
[www.valleyviewschools.net/2017/index.html]
[www.valleyviewschools.net/index26d5.html]
[www.valleyviewschools.net/indexf813.html]
[www.valleyviewschools.net/author/valleyviewj/feed/index.html]
[www.valleyviewschools.net/indexe38e.html]
[www.valleyviewschools.net/2017/09/index.html]
[www.valleyviewschools.net/index6e06.html]
[www.valleyviewschools.net/index0970.html]
[www.valleyviewschools.net/wp-json/oembed/1.0/embed3ce1.json]
[www.valleyviewschools.net/parentstudent/teacher-lesson-plans/index.html]
[www.valleyviewschools.net/indexeff1.html]
[www.valleyviewschools.net/wp-json/oembed/1.0/embed0ae2]
[www.valleyviewschools.net/indexd0bb.html]
[www.valleyviewschools.net/index91fa.html]
[www.valleyviewschools.net/index1ad2.html]
[www.valleyviewschools.net/index2c11.html]
[www.valleyviewschools.net/index8e93.html]
[www.valleyviewschools.net/indexb33a.html]
[www.valleyviewschools.net/indexc4a1.html]
[www.valleyviewschools.net/parentstudent/teacher-lesson-plans/valley-view-pre-k-teacher-lesson-plans/index.html]
[www.valleyviewschools.net/indexfb51.html]
[www.valleyviewschools.net/index99d3.html]
[www.valleyviewschools.net/indexa450.html]
[www.valleyviewschools.net/indexd4cb.html]
[www.valleyviewschools.net/indexc39a.html]
[www.valleyviewschools.net/index022f.html]
[www.valleyviewschools.net/index7720.html]
[www.valleyviewschools.net/indexde5e.html]
[www.valleyviewschools.net/index0624.html]
[www.valleyviewschools.net/indexbaaf.html]
[www.valleyviewschools.net/indexd37e.html]
[www.valleyviewschools.net/index2949.html]
[www.valleyviewschools.net/indexcd6e.html]
[www.valleyviewschools.net/indexc6b3.html]
[www.valleyviewschools.net/index00aa.html]
[www.valleyviewschools.net/indexc0ea.html]
[www.valleyviewschools.net/indexfa2f.html]
[www.valleyviewschools.net/index037d.html]
[www.valleyviewschools.net/indexc179.html]
[www.valleyviewschools.net/index4e22.html]
[www.valleyviewschools.net/indexe1a5.html]
[www.valleyviewschools.net/indexff6b.html]
[www.valleyviewschools.net/indexb366.html]
[www.valleyviewschools.net/index1ab6.html]
[www.valleyviewschools.net/index1d13.html]
[www.valleyviewschools.net/index2f65.html]
[www.valleyviewschools.net/index8cbb.html]
[www.valleyviewschools.net/indexb9ae.html]
[www.valleyviewschools.net/index3b08.html]
[www.valleyviewschools.net/indexf96f.html]
[www.valleyviewschools.net/index8cb4.html]
[www.valleyviewschools.net/indexc57d.html]
[www.valleyviewschools.net/index976f.html]
[www.valleyviewschools.net/index89e9.html]
[www.valleyviewschools.net/index3b2f.html]
[www.valleyviewschools.net/indexa651.html]
[www.valleyviewschools.net/indexde45.html]
[www.valleyviewschools.net/index8986.html]
[www.valleyviewschools.net/indexc721-2.html]
[www.valleyviewschools.net/index7e0b.html]
[www.valleyviewschools.net/index3410.html]
[www.valleyviewschools.net/indexe7c9.html]
[www.valleyviewschools.net/index533a.html]
[www.valleyviewschools.net/indexb9fa.html]
[www.valleyviewschools.net/index74f6.html]
[www.valleyviewschools.net/indexb260.html]
[www.valleyviewschools.net/index9835.html]
[www.valleyviewschools.net/index3112.html]
[www.valleyviewschools.net/index3ea8.html]
[www.valleyviewschools.net/index3970.html]
[www.valleyviewschools.net/indexf96c.html]
[www.valleyviewschools.net/indexc0c2.html]
[www.valleyviewschools.net/indexbd77.html]
[www.valleyviewschools.net/indexf09c.html]
[www.valleyviewschools.net/indexe921.html]
[www.valleyviewschools.net/index7b66.html]
[www.valleyviewschools.net/index3bd5.html]
[www.valleyviewschools.net/index5f00.html]
[www.valleyviewschools.net/indexe2e6.html]
[www.valleyviewschools.net/index73b3.html]
[www.valleyviewschools.net/index7b3b.html]
[www.valleyviewschools.net/index9f62.html]
[www.valleyviewschools.net/indexb4e1.html]
[www.valleyviewschools.net/index262a.html]
[www.valleyviewschools.net/index993d.html]
[www.valleyviewschools.net/index618c.html]
[www.valleyviewschools.net/indexf87f.html]
[www.valleyviewschools.net/index2c66.html]
[www.valleyviewschools.net/index025d.html]
[www.valleyviewschools.net/indexd552.html]
[www.valleyviewschools.net/index9905.html]
[www.valleyviewschools.net/index14cb.html]
[www.valleyviewschools.net/indexfcc4.html]
[www.valleyviewschools.net/index2abc.html]
[www.valleyviewschools.net/indexbbbe.html]
[www.valleyviewschools.net/index0da7.html]
[www.valleyviewschools.net/2017/index.html]
[www.valleyviewschools.net/2017/09/index.html]
[www.valleyviewschools.net/indexcd2b.html]
[www.valleyviewschools.net/index6ff8.html]
[www.valleyviewschools.net/index3388.html]
[www.valleyviewschools.net/indexcfc5.html]
[www.valleyviewschools.net/index47b3.html]
[www.valleyviewschools.net/indexefd0.html]
[www.valleyviewschools.net/index9bd0.html]
[www.valleyviewschools.net/indexd642.html]
[www.valleyviewschools.net/wp-json/oembed/1.0/embed6683.json]
[www.valleyviewschools.net/parentstudent/teacher-lesson-plans/valley-view-pre-k-teacher-lesson-plans/index.html]
[www.valleyviewschools.net/index36a6.html]
[www.valleyviewschools.net/indexb8b7.html]
[www.valleyviewschools.net/index361a.html]
[www.valleyviewschools.net/indexd225.html]
[www.valleyviewschools.net/wp-json/oembed/1.0/embedefd4]
[www.valleyviewschools.net/index97eb.html]
[www.valleyviewschools.net/indexdf00.html]
[www.valleyviewschools.net/indexacba.html]
[www.valleyviewschools.net/index32d0.html]
[www.valleyviewschools.net/index0114.html]
[www.valleyviewschools.net/index9b79.html]
[www.valleyviewschools.net/index28f6.html]
[www.valleyviewschools.net/index161e.html]
[www.valleyviewschools.net/index0929.html]
[www.valleyviewschools.net/indexa83d.html]
[www.valleyviewschools.net/index872f.html]
[www.valleyviewschools.net/index59a7.html]
[www.valleyviewschools.net/indexc815.html]
[www.valleyviewschools.net/indexf0e3.html]
[www.valleyviewschools.net/index86b7.html]
[www.valleyviewschools.net/indexe702.html]
[www.valleyviewschools.net/index3e42.html]
[www.valleyviewschools.net/indexfca8.html]
[www.valleyviewschools.net/indexc9dc.html]
[www.valleyviewschools.net/index0928.html]
[www.valleyviewschools.net/index6ac4.html]
[www.valleyviewschools.net/indexf1f7.html]
[www.valleyviewschools.net/indexdd69.html]
[www.valleyviewschools.net/index3be3.html]
[www.valleyviewschools.net/index29b3.html]
[www.valleyviewschools.net/index477f.html]
[www.valleyviewschools.net/index73db.html]
[www.valleyviewschools.net/index2435.html]
[www.valleyviewschools.net/indexd629.html]
[www.valleyviewschools.net/indexfc9a.html]
[www.valleyviewschools.net/index62c3.html]
[www.valleyviewschools.net/index9d9a.html]
[www.valleyviewschools.net/index1b78.html]
[www.valleyviewschools.net/index73b7.html]
[www.valleyviewschools.net/index5137.html]
[www.valleyviewschools.net/indexacbc.html]
[www.valleyviewschools.net/index9df0.html]
[www.valleyviewschools.net/index12dc.html]
[www.valleyviewschools.net/index328f.html]
[www.valleyviewschools.net/index6b74.html]
[www.valleyviewschools.net/index342e.html]
[www.valleyviewschools.net/indexbc9f.html]
[www.valleyviewschools.net/indexb5c3.html]
[www.valleyviewschools.net/indexa960.html]
[www.valleyviewschools.net/index327e.html]
[www.valleyviewschools.net/index5d16.html]
[www.valleyviewschools.net/index2ca7.html]
[www.valleyviewschools.net/index8b77.html]
[www.valleyviewschools.net/indexcea7.html]
[www.valleyviewschools.net/index2e1c.html]
[www.valleyviewschools.net/indexc156.html]
[www.valleyviewschools.net/index46d0.html]
[www.valleyviewschools.net/indexb5b3.html]
[www.valleyviewschools.net/indexe68a.html]
[www.valleyviewschools.net/indexac92.html]
[www.valleyviewschools.net/indexd7b9.html]
[www.valleyviewschools.net/index907d.html]
[www.valleyviewschools.net/index6714.html]
[www.valleyviewschools.net/indexc30f.html]
[www.valleyviewschools.net/indexb0ba.html]
[www.valleyviewschools.net/index36d5.html]
[www.valleyviewschools.net/index186a.html]
[www.valleyviewschools.net/index8fe3.html]
[www.valleyviewschools.net/indexba1e.html]
[www.valleyviewschools.net/indexf415.html]
[www.valleyviewschools.net/index2fc6.html]
[www.valleyviewschools.net/index5bb3.html]
[www.valleyviewschools.net/index3bc2.html]
[www.valleyviewschools.net/index51f1.html]
[www.valleyviewschools.net/indexced2.html]
[www.valleyviewschools.net/index0c1a.html]
[www.valleyviewschools.net/index0d93.html]
[www.valleyviewschools.net/indexb8ba.html]
[www.valleyviewschools.net/index1847.html]
[www.valleyviewschools.net/index8016.html]
[www.valleyviewschools.net/index7faf.html]
[www.valleyviewschools.net/index7556.html]
[www.valleyviewschools.net/index73b4.html]
[www.valleyviewschools.net/indexb09f.html]
[www.valleyviewschools.net/indexaf12.html]
[www.valleyviewschools.net/indexba72.html]
[www.valleyviewschools.net/index7cc1.html]
[www.valleyviewschools.net/index5788.html]
[www.valleyviewschools.net/indexf068.html]
[www.valleyviewschools.net/index56ad.html]
[www.valleyviewschools.net/index232d.html]
[www.valleyviewschools.net/indexabfb.html]
[www.valleyviewschools.net/index117d.html]
[www.valleyviewschools.net/index949c.html]
[www.valleyviewschools.net/indexba6c.html]
[www.valleyviewschools.net/index2ecd.html]
[www.valleyviewschools.net/index9c3f.html]
[www.valleyviewschools.net/index9dd0.html]
[www.valleyviewschools.net/index9852.html]
[www.valleyviewschools.net/indexa551.html]
[www.valleyviewschools.net/index63be.html]
[www.valleyviewschools.net/index4400.html]
[www.valleyviewschools.net/index33ba.html]
